
Chandana Sai@DESKTOP-JB0IKQ5 MINGW64 ~
$ pwd
/c/Users/Chandana Sai

Chandana Sai@DESKTOP-JB0IKQ5 MINGW64 ~
$ cd desktop

Chandana Sai@DESKTOP-JB0IKQ5 MINGW64 ~/desktop
$ cd java

Chandana Sai@DESKTOP-JB0IKQ5 MINGW64 ~/desktop/java
$ ls
 exams/  'java codes'/  'java codes 2.rtf'  'java codes 3.rtf'  'java codes1.rtf'

Chandana Sai@DESKTOP-JB0IKQ5 MINGW64 ~/desktop/java
$ ls -l
total 48
drwxr-xr-x 1 Chandana Sai 197121    0 Jun 15 11:44  exams/
drwxr-xr-x 1 Chandana Sai 197121    0 Jun 19 12:30 'java codes'/
-rw-r--r-- 1 Chandana Sai 197121 8453 Jun 11 16:52 'java codes 2.rtf'
-rw-r--r-- 1 Chandana Sai 197121 4454 Jun 12 21:13 'java codes 3.rtf'
-rw-r--r-- 1 Chandana Sai 197121 2792 Jun  5 17:27 'java codes1.rtf'

Chandana Sai@DESKTOP-JB0IKQ5 MINGW64 ~/desktop/java
$ git init
Initialized empty Git repository in C:/Users/Chandana Sai/Desktop/java/.git/

Chandana Sai@DESKTOP-JB0IKQ5 MINGW64 ~/desktop/java (master)
$ ls
 exams/  'java codes'/  'java codes 2.rtf'  'java codes 3.rtf'  'java codes1.rtf'

Chandana Sai@DESKTOP-JB0IKQ5 MINGW64 ~/desktop/java (master)
$ ls -l
total 48
drwxr-xr-x 1 Chandana Sai 197121    0 Jun 15 11:44  exams/
drwxr-xr-x 1 Chandana Sai 197121    0 Jun 19 12:30 'java codes'/
-rw-r--r-- 1 Chandana Sai 197121 8453 Jun 11 16:52 'java codes 2.rtf'
-rw-r--r-- 1 Chandana Sai 197121 4454 Jun 12 21:13 'java codes 3.rtf'
-rw-r--r-- 1 Chandana Sai 197121 2792 Jun  5 17:27 'java codes1.rtf'

Chandana Sai@DESKTOP-JB0IKQ5 MINGW64 ~/desktop/java (master)
$ ls -al
total 56
drwxr-xr-x 1 Chandana Sai 197121    0 Jun 19 16:14  ./
drwxr-xr-x 1 Chandana Sai 197121    0 Jun 15 11:44  ../
drwxr-xr-x 1 Chandana Sai 197121    0 Jun 19 16:14  .git/
drwxr-xr-x 1 Chandana Sai 197121    0 Jun 15 11:44  exams/
drwxr-xr-x 1 Chandana Sai 197121    0 Jun 19 12:30 'java codes'/
-rw-r--r-- 1 Chandana Sai 197121 8453 Jun 11 16:52 'java codes 2.rtf'
-rw-r--r-- 1 Chandana Sai 197121 4454 Jun 12 21:13 'java codes 3.rtf'
-rw-r--r-- 1 Chandana Sai 197121 2792 Jun  5 17:27 'java codes1.rtf'

Chandana Sai@DESKTOP-JB0IKQ5 MINGW64 ~/desktop/java (master)
$ git status
On branch master

No commits yet

Untracked files:
  (use "git add <file>..." to include in what will be committed)
        exams/
        java codes 2.rtf
        java codes 3.rtf
        java codes/
        java codes1.rtf

nothing added to commit but untracked files present (use "git add" to track)
Chandana Sai@DESKTOP-JB0IKQ5 MINGW64 ~/desktop/java (master)
$ git add .

Chandana Sai@DESKTOP-JB0IKQ5 MINGW64 ~/desktop/java (master)
$ git status
On branch master

No commits yet

Changes to be committed:
  (use "git rm --cached <file>..." to unstage)
        new file:   exams/chandana.rtf
        new file:   java codes 2.rtf
        new file:   java codes 3.rtf
        new file:   java codes/ADS.class
        new file:   java codes/ADS.java
        new file:   java codes/Arithamatic.class
        new file:   java codes/Ch20.class
        new file:   java codes/Common.class
        new file:   java codes/Common_Facter.class
        new file:   java codes/Common_Facter.java
        new file:   java codes/Common_Factor1.java
        new file:   java codes/Convertion.class
        new file:   java codes/Days.class
        new file:   java codes/Days.java
        new file:   java codes/EO.class
        new file:   java codes/EO.java
        new file:   java codes/Even_odd.class
        new file:   java codes/Even_odd.java
        new file:   java codes/Example.class
        new file:   java codes/Facters.class
        new file:   java codes/Factors.class
        new file:   java codes/Factors.java
        new file:   java codes/Fizz_buzz.class
        new file:   java codes/Fizz_buzz.java
        new file:   java codes/Highest.class
        new file:   java codes/Highest.java
        new file:   java codes/Insurance.java
        new file:   java codes/Insurence.class
        new file:   java codes/Insurence.java
        new file:   java codes/Leap.class
        new file:   java codes/Leap.java
        new file:   java codes/LeapYear.class
        new file:   java codes/LeapYear.java
        new file:   java codes/Murali.class
        new file:   java codes/Murali.java
        new file:   java codes/Ncr.class
        new file:   java codes/Ncr.java
        new file:   java codes/Number.class
        new file:   java codes/Number.java
        new file:   java codes/Per.class
        new file:   java codes/PerfectSquares_loops.class
        new file:   java codes/PerfectSquares_loops.java
        new file:   java codes/Power.class
        new file:   java codes/Power.java
        new file:   java codes/Profit_Loss.class
        new file:   java codes/Profit_Loss.java
        new file:   java codes/R_C.class
        new file:   java codes/R_C.java
        new file:   java codes/Rectangle.class
        new file:   java codes/Rectangle.java
        new file:   java codes/RectangleCircle.class
        new file:   java codes/RectangleCircle.java
        new file:   java codes/Simple.class
        new file:   java codes/Simple.java
        new file:   java codes/Small.class
        new file:   java codes/Steel.java
        new file:   java codes/Steel.java.txt
        new file:   java codes/SwapUsingAS.class
        new file:   java codes/SwapUsingAS.java
        new file:   java codes/SwapUsingTemp.class
        new file:   java codes/SwapUsingTemp.java
        new file:   java codes/SwapUsingXOR.class
        new file:   java codes/SwapUsingXOR.java
        new file:   java codes/Switch_Example.class
        new file:   java codes/Terinary.class
        new file:   java codes/Vote.class
        new file:   java codes/Vowel.class
        new file:   java codes/Vowel.java
        new file:   java codes/arithamatic.java
        new file:   java codes/convert.java
        new file:   java codes/ex.java
        new file:   java codes/smallest.java
        new file:   java codes/switchExe.java
        new file:   java codes/terinary.java
        new file:   java codes/vote.java
        new file:   java codes1.rtf




Chandana Sai@DESKTOP-JB0IKQ5 MINGW64 ~/desktop/java (master)
$ git commit -m "First Commit"
[master (root-commit) 804365f] First Commit
 76 files changed, 988 insertions(+)
 create mode 100644 exams/chandana.rtf
 create mode 100644 java codes 2.rtf
 create mode 100644 java codes 3.rtf
 create mode 100644 java codes/ADS.class
 create mode 100644 java codes/ADS.java
 create mode 100644 java codes/Arithamatic.class
 create mode 100644 java codes/Ch20.class
 create mode 100644 java codes/Common.class
 create mode 100644 java codes/Common_Facter.class
 create mode 100644 java codes/Common_Facter.java
 create mode 100644 java codes/Common_Factor1.java
 create mode 100644 java codes/Convertion.class
 create mode 100644 java codes/Days.class
 create mode 100644 java codes/Days.java
 create mode 100644 java codes/EO.class
 create mode 100644 java codes/EO.java
 create mode 100644 java codes/Even_odd.class
 create mode 100644 java codes/Even_odd.java
 create mode 100644 java codes/Example.class
 create mode 100644 java codes/Facters.class
 create mode 100644 java codes/Factors.class
 create mode 100644 java codes/Factors.java
 create mode 100644 java codes/Fizz_buzz.class
 create mode 100644 java codes/Fizz_buzz.java
 create mode 100644 java codes/Highest.class
 create mode 100644 java codes/Highest.java
 create mode 100644 java codes/Insurance.java
 create mode 100644 java codes/Insurence.class
 create mode 100644 java codes/Insurence.java
 create mode 100644 java codes/Leap.class
 create mode 100644 java codes/Leap.java
 create mode 100644 java codes/LeapYear.class
 create mode 100644 java codes/LeapYear.java
 create mode 100644 java codes/Murali.class
 create mode 100644 java codes/Murali.java
 create mode 100644 java codes/Ncr.class
 create mode 100644 java codes/Ncr.java
 create mode 100644 java codes/Number.class
 create mode 100644 java codes/Number.java
 create mode 100644 java codes/Per.class
 create mode 100644 java codes/PerfectSquares_loops.class
 create mode 100644 java codes/PerfectSquares_loops.java
 create mode 100644 java codes/Power.class
 create mode 100644 java codes/Power.java
 create mode 100644 java codes/Profit_Loss.class
 create mode 100644 java codes/Profit_Loss.java
 create mode 100644 java codes/R_C.class
 create mode 100644 java codes/R_C.java
 create mode 100644 java codes/Rectangle.class
 create mode 100644 java codes/Rectangle.java
 create mode 100644 java codes/RectangleCircle.class
 create mode 100644 java codes/RectangleCircle.java
 create mode 100644 java codes/Simple.class
 create mode 100644 java codes/Simple.java
 create mode 100644 java codes/Small.class
 create mode 100644 java codes/Steel.java
 create mode 100644 java codes/Steel.java.txt
 create mode 100644 java codes/SwapUsingAS.class
 create mode 100644 java codes/SwapUsingAS.java
 create mode 100644 java codes/SwapUsingTemp.class
 create mode 100644 java codes/SwapUsingTemp.java
 create mode 100644 java codes/SwapUsingXOR.class
 create mode 100644 java codes/SwapUsingXOR.java
 create mode 100644 java codes/Switch_Example.class
 create mode 100644 java codes/Terinary.class
 create mode 100644 java codes/Vote.class
 create mode 100644 java codes/Vowel.class
 create mode 100644 java codes/Vowel.java
 create mode 100644 java codes/arithamatic.java
 create mode 100644 java codes/convert.java
 create mode 100644 java codes/ex.java
 create mode 100644 java codes/smallest.java
 create mode 100644 java codes/switchExe.java
 create mode 100644 java codes/terinary.java
 create mode 100644 java codes/vote.java
 create mode 100644 java codes1.rtf


Chandana Sai@DESKTOP-JB0IKQ5 MINGW64 ~/desktop/java (master)
$ git push origin master


Chandana Sai@DESKTOP-JB0IKQ5 MINGW64 ~/desktop/java (master)
$ git push origin master
Enumerating objects: 80, done.
Counting objects: 100% (80/80), done.
Delta compression using up to 2 threads
Compressing objects: 100% (79/79), done.
Writing objects: 100% (80/80), 24.12 KiB | 380.00 KiB/s, done.
Total 80 (delta 22), reused 0 (delta 0), pack-reused 0 (from 0)
remote: Resolving deltas: 100% (22/22), done.
To https://github.com/chandanasaimeka/javacodes.git
 * [new branch]      master -> master


